## 来自你的消息:
/Users/kongxinyi/learngit
(base) kongxinyi@kongxiaoxindeMacBook-Pro learngit % mkdir test_for_git
(base) kongxinyi@kongxiaoxindeMacBook-Pro learngit % cd test_for_git
(base) kongxinyi@kongxiaoxindeMacBook-Pro test_for_git % pwd
/Users/kongxinyi/.Trash/learngit/test_for_git
(base) kongxinyi@kongxiaoxindeMacBook-Pro test_for_git % git init
Initialized empty Git repository in /Users/kongxinyi/learngit/test_for_git/.git/
(base) kongxinyi@kongxiaoxindeMacBook-Pro test_for_git % 
解释一下在干嘛

## 来自ChatAI的消息:
在上面的命令序列中，用户首先使用了 `mkdir test_for_git` 命令创建了一个名为 `test_for_git` 的新目录，然后使用 `cd test_for_git` 命令进入了这个新创建的目录。接着使用 `pwd` 命令确认当前所在路径，并且发现实际上并没有在期望的位置。

随后用户通过 `git init` 命令在该目录中初始化了一个新的 Git 仓库，该命令会在当前目录创建一个名为 `.git` 的文件夹，用来存储 Git 仓库的相关信息。

总结一下，用户的操作可以归纳为在指定路径创建了一个新的目录，并在该目录中初始化了一个新的 Git 仓库，准备开始对该目录进行版本控制。

这段命令序列的作用是创建了一个新的目录，并在其中初始化了一个 Git 仓库，用户可能打算在这个目录中进行代码的版本控制和管理。

## 来自你的消息:
在Mac的终端处输入vim sample.txt

## 来自ChatAI的消息:
在Mac的终端中输入 `vim sample.txt` 将会打开一个名为 `sample.txt` 的文本文件以进行编辑，如果该文件不存在，vim 将会创建一个新的文本文件。除非用户已经精通 Vim 编辑器，否则可能需要一些时间来熟悉 Vim 的基本操作。

在 Vim 中，用户可以使用各种命令进行编辑、保存和退出。例如，按下 `i` 键会进入插入模式，允许用户输入文本；按下 `Esc` 键会退出插入模式并返回普通模式；在普通模式下，用户可以使用 `:w` 命令来保存文件，使用 `:q` 命令来退出 Vim。

需要注意的是，Vim 是一个功能强大的文本编辑器，但对于新手来说可能会有一定的学习曲线。如果用户不熟悉 Vim，也可以尝试使用其他文本编辑器如 Nano 或者直接在终端中使用 `nano sample.txt` 进行简单的文本编辑。

## 来自你的消息:
(base) kongxinyi@kongxiaoxindeMacBook-Pro ~ % git status
fatal: not a git repository (or any of the parent directories): .git

## 来自ChatAI的消息:
在执行 `git status` 命令时，终端报错提示：`fatal: not a git repository (or any of the parent directories): .git`。这个错误的含义是当前目录或其上级目录中不存在 Git 仓库。

可能的原因是您在执行 `git status` 命令时不在一个已初始化的 Git 仓库目录中。请确保您在正确的目录下执行该命令，即在包含 `.git` 文件夹的目录内或其子目录内。

您可以通过以下命令来确认当前所在目录是否是 Git 仓库或者找到包含 `.git` 的目录：

```shell
cd /your/directory/path  # 切换到目标目录
ls -a  # 查看目录中的所有文件和文件夹，确保包含 .git 文件夹
```

请注意，在切换目录时，确保进入包含 `.git` 文件夹的目录或其子目录中，然后再执行 `git status` 命令。这样，您将能够成功执行 `git status` 并查看当前 Git 仓库的状态信息。

## 来自你的消息:
(base) kongxinyi@kongxiaoxindeMacBook-Pro learngit % git status
On branch main

No commits yet

Untracked files:
  (use "git add <file>..." to include in what will be committed)
	.DS_Store

nothing added to commit but untracked files present (use "git add" to track)

## 来自ChatAI的消息:
在您执行 `git status` 命令后，终端显示了当前 Git 仓库的状态信息。

`On branch main` 表示您当前在 `main` 分支上。这是 Git 默认使用的分支名称。

`No commits yet` 表示在该分支上还没有进行过任何提交。

`Untracked files` 部分列出了未跟踪的文件。在您的情况下，`.DS_Store` 是一个未跟踪的文件。`.DS_Store` 是 macOS 操作系统自动生成的文件，它用于存储目录的显示方式和自定义属性。您可以选择将其加入到 Git 版本控制，或者通过 `.gitignore` 文件忽略它，以防止不必要的提交。

最后的提示 `nothing added to commit but untracked files present` 提示在当前提交中没有任何内容，但存在未跟踪的文件。您可以使用 `git add` 命令将文件添加到暂存区，然后使用 `git commit` 命令将其提交到版本历史记录中。

总结一下，当前状态是您位于 `main` 分支上，还没有进行过任何提交，有一个未跟踪的文件 `.DS_Store`，您可以选择将其加入到 Git 版本控制或忽略它。

## 来自你的消息:
(base) kongxinyi@kongxiaoxindeMacBook-Pro learngit % git commit -m "csdn_sample" 

[main (root-commit) 0306341] csdn_sample
 Committer: 孔小馨 <kongxinyi@kongxiaoxindeMacBook-Pro.local>
Your name and email address were configured automatically based
on your username and hostname. Please check that they are accurate.
You can suppress this message by setting them explicitly. Run the
following command and follow the instructions in your editor to edit
your configuration file:

    git config --global --edit

After doing this, you may fix the identity used for this commit with:

    git commit --amend --reset-author

 1 file changed, 6 insertions(+)
 create mode 100644 sample.txt

## 来自ChatAI的消息:
根据您提供的信息，您已经成功进行了第一次 Git 提交，并创建了一个名为 "csdn_sample" 的提交记录。

以下是提交的具体信息：
- 提交的分支为 `main`，这是 Git 默认使用的分支名称。
- 提交的哈希值为 `0306341`，这是提交的唯一标识符。
- 提交信息为 "csdn_sample"，这是您为该提交添加的自定义描述。
- 一个文件被改变，名为 `sample.txt`。
- 在这个提交中，文件 `sample.txt` 被创建，包含了 6 行新的内容。

您已经成功地创建了第一个提交并添加了文件到版本历史记录中。如果您的意图是创建一个新的文件并初始化它，这个提交看起来是成功的。接下来，您可以继续添加新的修改并提交它们到您的 Git 仓库中。

## 来自你的消息:
git remote add origin https://github.com/qyqyqyi/learngit.gitgit branch -M maingit push -u origin main

## 来自ChatAI的消息:
看起来您在一条命令中尝试了多个操作，但是在中间缺少了一些必要的空格。让我帮您梳理一下。

1. 添加远程仓库地址：
```shell
git remote add origin https://github.com/qyqyqyi/learngit.git
```

2. 将当前分支重命名为 `main`：
```shell
git branch -M main
```

3. 推送本地 `main` 分支至远程仓库，并设置 `origin` 作为默认的远程仓库，并且使用 `-u` 参数与远程仓库进行关联：
```shell
git push -u origin main
```

这些命令分别实现了以下功能：
- 将您的本地仓库与名为 `origin` 的远程仓库（地址为 `https://github.com/qyqyqyi/learngit.git`）进行关联。
- 将当前分支重命名为 `main`，这是为了适应最新的 Git 默认分支名称。
- 将本地的 `main` 分支推送到远程的 `origin` 仓库，并且以后可以使用 `git push` 命令快捷地将本地的 `main` 分支推送到远程仓库。

如果您的目的是将本地仓库推送到 GitHub 上的远程仓库，并且使用 `main` 作为默认分支，上述命令序列应该满足您的需求。

## 来自你的消息:
(base) kongxinyi@kongxiaoxindeMacBook-Pro learngit % git remote add git@github.com:perpig/learnt.git
usage: git remote add [<options>] <name> <url>

    -f, --fetch           fetch the remote branches
    --tags                import all tags and associated objects when fetching
                          or do not fetch any tag at all (--no-tags)
    -t, --track <branch>  branch(es) to track
    -m, --master <branch>
                          master branch
    --mirror[=(push|fetch)]
                          set up remote as a mirror to push to or fetch from

(base) kongxinyi@kongxiaoxindeMacBook-Pro learngit % git branch -M main
(base) kongxinyi@kongxiaoxindeMacBook-Pro learngit % git push -u origin main
fatal: 'origin' does not appear to be a git repository
fatal: Could not read from remote repository.

Please make sure you have the correct access rights
and the repository exists.

## 来自ChatAI的消息:
根据您提供的命令和错误信息来看，存在几个问题需要解决：

1. 添加远程仓库地址时命令的格式不正确。正确的格式应该是 `git remote add <name> <url>`，您需要指定一个名称作为远程仓库的标识符，然后是远程仓库的 URL。

2. 添加远程仓库地址时，您提供的是一个 SSH 格式的 URL（`git@github.com:perpig/learnt.git`），而不是 HTTP/HTTPS 格式的 URL。请确保您使用正确的 URL，并且符合您的访问权限。如果您没有正确的 SSH 密钥或访问权限，可以尝试使用 HTTPS 格式的 URL 来添加远程仓库。

3. 在执行 `git push` 命令时，遇到了关于 `origin` 远程仓库的错误。这表示可能没有成功添加远程仓库，或者指定的远程仓库名称不正确。

要解决这些问题，请按照以下步骤进行操作：

1. 使用正确的命令格式添加远程仓库：
```shell
git remote add origin <url>
```
请将 `<url>` 替换为正确的远程仓库 URL。

2. 确保您指定了正确的远程仓库名称。
   - 如果使用 `origin` 作为远程仓库名称，请确保添加远程仓库时使用了 `origin`。
   - 如果使用其他名称，请将 `<name>` 替换为正确的远程仓库名称。

3. 最后，使用正确的远程仓库名称进行推送操作：
```shell
git push -u <remote> <branch>
```
请将 `<remote>` 替换为正确的远程仓库名称，`<branch>` 替换为正确的分支名称，通常是 `main` 或 `master`。

请按照以上步骤进行操作，并确保提供的 URL 正确并且您具有访问权限。

## 来自你的消息:
(base) kongxinyi@kongxiaoxindeMacBook-Pro learngit % git push -u origin main

fatal: unable to access 'https://github.com/perpig/learnt.git/': HTTP/2 stream 1 was not closed cleanly before end of the underlying stream

## 来自ChatAI的消息:
看起来这个错误可能是由一些与 HTTP/2 连接相关的问题导致的。这些问题通常可以通过一些调整或者重试来解决。请尝试以下步骤来解决这个问题：

1. 尝试重新运行 `git push` 命令：
   ```shell
   git push -u origin main
   ```

2. 如果问题仍然存在，请尝试在 Git 全局配置中禁用 HTTP/2 支持，然后再次运行推送命令。您可以使用以下命令进行配置更改：
   ```shell
   git config --global http.version HTTP/1.1
   ```

3. 如果您使用的是 HTTPS URL，还可以尝试将远程仓库的 URL 修改为使用 SSH 协议。首先，您需要在 GitHub 上设置 SSH 密钥，然后将远程仓库地址修改为 SSH 格式的 URL。修改远程仓库 URL 的命令如下：
   ```shell
   git remote set-url origin git@github.com:perpig/learnt.git
   ```

请尝试以上建议，看能否解决您遇到的问题。如果问题仍然存在，可能需要进一步排查您的网络环境或 Git 配置是否存在其他问题。

## 来自你的消息:
git push origin main

## 来自ChatAI的消息:
这是一个用于将本地的 `main` 分支推送到名为 `origin` 的远程仓库的简单命令。假设您已经将远程仓库与本地仓库关联，并且已经设定了默认远程分支，这条命令应当可以成功地将本地的 `main` 分支推送到 `origin` 远程仓库。

如果命令执行成功，您的本地更改将被推送到远程仓库的 `main` 分支中。如果远程仓库中不存在 `main` 分支，Git 通常会自动创建该分支并将您的更改推送到这个新创建的分支中。

请确保在执行这条命令之前，您已经进行了适当的提交并且您希望推送的更改已经在本地的 `main` 分支中。

## 来自你的消息:
怎么看本地main

## 来自ChatAI的消息:
要查看本地的 `main` 分支，可以使用以下命令：

```shell
git branch
```

该命令会列出您本地仓库的所有分支（包括当前分支）。当前分支会用一个星号 `*` 标记。在输出中，您可以找到以 `main` 命名的分支，如果已经存在的话，就会以类似下面的形式显示：

```
  main
* master
  feature-branch
```

在这个示例中，`main` 分支是当前所在的分支，因为它前面有一个星号 `*`。如果没有 `*` 标记在 `main` 分支前面，您可以使用以下命令切换到 `main` 分支：

```shell
git checkout main
```

这将使您的工作目录和索引（暂存区）切换到 `main` 分支上的最新状态。然后您可以再次执行 `git branch` 命令来确认您当前所在的分支是否为 `main` 分支。

## 来自你的消息:
现在是在main

## 来自ChatAI的消息:
好的，既然您已经确认当前所在的分支是 `main`，那现在您可以继续进行您的操作，比如提交更改、合并其他分支到 `main` 分支，或者执行 `git push` 命令将本地的 `main` 分支推送到远程仓库。

如果您有任何关于 Git 或者版本控制的其他问题，欢迎随时问我！

## 来自你的消息:
那我本地更改的是啥

## 来自ChatAI的消息:
非常抱歉，作为一个 AI 聊天助手，我无法实时获取您本地仓库中的更改信息。请您在命令行中使用 `git status` 命令来查看您的本地更改的详细信息。

`git status` 命令会显示出您本地仓库中的文件状态，包括已修改但尚未暂存的文件、已暂存但尚未提交的文件，以及已提交但尚未推送的文件。通过查看 `git status` 的输出，您可以了解到您当前的更改情况。

如果您发现有修改的文件且希望将这些更改提交到本地仓库，可以使用 `git add` 命令将这些文件添加到暂存区，然后使用 `git commit` 命令提交更改到本地仓库。

如果您遇到了问题，欢迎随时向我提问，我会尽力帮助您！

## 来自你的消息:
git push origin main

## 来自ChatAI的消息:
`git push origin main` 命令用于将本地的 `main` 分支推送到远程仓库的 `origin` 主机上。在执行这条命令之前，请确保您已经进行了合适的提交（`commit`）操作，以便将您的本地更改同步到远程仓库。

在执行 `git push` 命令之前，建议先运行 `git status` 检查当前的更改状态，并且确保您的本地 `main` 分支包含了您想要推送的最新更改。如果您的本地分支与远程分支有不同的提交历史，可能需要先执行 `git pull` 命令来合并远程仓库的更改。

请记住，执行 `git push` 操作会将您的本地更改同步到远程仓库，因此请确保在推送前确认您的更改不会导致意外情况。

如果您需要进一步的帮助或者有其他问题，请随时告诉我，我很乐意协助您！

## 来自你的消息:
到底怎么操作

## 来自ChatAI的消息:
如果您想要将本地的 `main` 分支推送到远程仓库的 `origin` 主机上，可以按照以下步骤进行操作：

1. 在命令行中，进入您的本地仓库目录。

2. 使用 `git status` 命令检查当前的更改状态，确保您的更改已经被提交（commit）。

3. 如果您的本地 `main` 分支与远程分支有不同的提交历史，可以使用 `git pull origin main` 命令先拉取远程仓库的最新更改，并将其合并到本地 `main` 分支。

4. 确保您的本地 `main` 分支包含了您想要推送的最新更改。

5. 执行 `git push origin main` 命令来将本地的 `main` 分支推送到远程仓库的 `origin` 主机上。

请记住，在执行 `git push` 操作之前，一定要确保您的更改不会导致意外情况。如果需要，您还可以添加参数，例如 `--force` 参数来强制推送更改。

如果您在操作过程中遇到任何问题或需要进一步的帮助，请随时告诉我，我会尽力为您解答！

## 来自你的消息:
git init

## 来自ChatAI的消息:
`git init` 是 Git 版本控制系统中一个非常重要的命令，它用于在当前目录下初始化一个全新的 Git 仓库。当您在一个新的项目目录中运行 `git init` 命令时，Git 会在该目录下创建一个新的 .git 目录，用来保存版本控制所需的数据和元数据。

一旦您执行了 `git init` 命令，当前目录下的所有文件将被纳入版本控制之中，您可以通过 `git add` 命令将文件添加到暂存区，然后使用 `git commit` 命令进行提交。

以下是一个简单的 `git init` 命令的使用示例：

```bash
cd /path/to/your/project
git init
```

这会在您的项目目录下初始化一个新的 Git 仓库。

如果您在使用 `git init` 过程中遇到了问题或者有其他关于 Git 的疑问，欢迎随时向我提问，我会尽量帮助您解决问题！

## 来自你的消息:
git status

## 来自ChatAI的消息:
`git status` 命令用于查看当前 Git 仓库的状态。执行该命令时，Git 会告诉您有关仓库中文件状态的信息，以及与上次提交的差异。

以下是 `git status` 命令可能显示的几种常见状态：

- "On branch X"： 显示当前所在的分支。
- "Your branch is up to date with 'origin/main'"：当前分支与远程 `origin/main` 分支保持同步。
- "Changes not staged for commit"：有修改的文件未被暂存。
- "Changes to be committed"：有修改的文件已被暂存，准备提交。
- "Untracked files"：存在未被 Git 追踪的文件。
- "nothing to commit, working tree clean"：工作区是干净的，没有待提交的更改。

通过 `git status` 命令，您可以了解当前 Git 仓库中的文件状态，进而进行相关的操作，如提交文件、暂存文件或忽略文件等。

如果您有其他关于 Git 的问题，或需要更详细的解释，请随时向我提问！

## 来自你的消息:
On branch main
Your branch is up to date with 'origin/main'.

Untracked files:
  (use "git add <file>..." to include in what will be committed)
	.DS_Store
	"\347\273\210\347\253\257\345\255\230\345\202\250\347\232\204\350\276\223\345\207\272.txt"

nothing added to commit but untracked files present (use "git add" to track)

## 来自ChatAI的消息:
根据您提供的信息，您当前位于 `main` 分支，并且该分支与远程的 `origin/main` 分支保持同步。此外，`git status` 命令还显示了一些未被 Git 追踪的文件，包括 `.DS_Store` 和一个带有中文字符的文件名 `"\347\273\210\347\253\257\345\255\230\345\202\250\347\232\204\350\276\223\345\207\272.txt"`。

对于未被 Git 追踪的文件，您可以使用 `git add <file>` 命令将它们纳入 Git 的管理。例如，如果您希望将上述两个文件添加到提交中，可以执行以下命令：

```bash
git add .DS_Store
git add "\347\273\210\347\253\257\345\255\230\345\202\250\347\232\204\350\276\223\345\207\272.txt"
```

接着，您可以使用 `git status` 命令检查状态，确认这些文件已被正确追踪。最后，使用 `git commit` 命令提交这些更改。

如果您想进一步操作或者有其他问题，欢迎继续询问！

## 来自你的消息:
(base) kongxinyi@kongxiaoxindeMacBook-Pro learngit % git commit -m "test for second commit"
On branch main
Your branch is ahead of 'origin/main' by 1 commit.
  (use "git push" to publish your local commits)

Untracked files:
  (use "git add <file>..." to include in what will be committed)
	.DS_Store

nothing added to commit but untracked files present (use "git add" to track)

## 来自ChatAI的消息:
根据您提供的信息，您执行了 `git commit -m "test for second commit"` 命令进行了一次提交。Git 提示当前所在的分支是 `main`，而且您的分支比 `origin/main` 提前了 1 个提交。

此外，`git status` 命令还显示了一个未被 Git 追踪的文件 `.DS_Store`。您可以使用 `git add .DS_Store` 命令将其纳入 Git 的管理。

最后，当您准备将本地提交推送到远程仓库时，可以使用 `git push` 命令进行发布，以将本地的提交更新到远程仓库。

示例命令如下：

```bash
git add .DS_Store
git commit -m "test for second commit"
git push
```

这样，您的本地提交将被推送到远程仓库。

如果您还有其他问题，欢迎继续提问！

## 来自你的消息:
commit 9a53473ebb962e9e605ac4f61189fb305405f543 (HEAD -> main)
Author: 孔小馨 <kongxinyi@kongxiaoxindeMacBook-Pro.local>
Date:   Tue Dec 26 17:43:21 2023 +0800

    test--?

commit 44b4d0261d27d44d5bfb535235de9d67ea4a9023 (origin/main)
Author: 孔小馨 <kongxinyi@kongxiaoxindeMacBook-Pro.local>
Date:   Tue Dec 26 17:07:45 2023 +0800

    first commit

## 来自ChatAI的消息:
根据您提供的信息，您当前的 `HEAD` 指针所在的提交是 `9a53473ebb962e9e605ac4f61189fb305405f543` ，对应的分支是 `main` 分支。该提交的作者信息为 孔小馨 <kongxinyi@kongxiaoxindeMacBook-Pro.local> ，提交时间为 2023 年 12 月 26 日 17:43:21 (+0800)。

此外，还有另一个提交 `44b4d0261d27d44d5bfb535235de9d67ea4a9023`，对应的分支是 `origin/main` 分支。该提交是第一次提交，作者信息也是 孔小馨 <kongxinyi@kongxiaoxindeMacBook-Pro.local> ，提交时间为 2023 年 12 月 26 日 17:07:45 (+0800)。

通过这些提交记录，您可以了解每个提交的详细信息，包括作者、日期和提交信息。

如果您还有其他问题，欢迎随时提问！

## 来自你的消息:
我的项目文件夹进行了更新 我如何对他进行提交

## 来自ChatAI的消息:
要将项目文件夹中的更新内容提交到 Git 仓库，您可以按以下步骤进行操作：

1. 使用 `git status` 命令检查项目文件夹中哪些文件被修改或添加到暂存区，哪些文件未被跟踪。

2. 对于已修改或新增的文件，使用 `git add <file>` 命令将其加入到暂存区。例如，如果您希望将所有文件添加到暂存区，可以执行 `git add .` 命令。

3. 执行 `git commit -m "commit message"` 命令进行提交，其中 `commit message` 是对本次提交的描述信息。例如，可以使用 `git commit -m "Update project files"`。

4. 如果需要将本地提交推送到远程仓库，可以使用 `git push` 命令将更改推送到远程仓库的相应分支，例如 `git push origin main`。

请根据您实际的项目情况，逐步按照上述步骤进行操作。如果需要进一步的指导或有其他问题，请随时提问！

## 来自你的消息:
(base) kongxinyi@kongxiaoxindeMacBook-Pro learngit % git status
On branch main
Your branch is ahead of 'origin/main' by 1 commit.
  (use "git push" to publish your local commits)

Changes not staged for commit:
  (use "git add/rm <file>..." to update what will be committed)
  (use "git restore <file>..." to discard changes in working directory)
	deleted:    "\347\273\210\347\253\257\345\255\230\345\202\250\347\232\204\350\276\223\345\207\272.txt"

Untracked files:
  (use "git add <file>..." to include in what will be committed)
	.DS_Store
	test/

no changes added to commit (use "git add" and/or "git commit -a")

## 来自ChatAI的消息:
根据您提供的 `git status` 输出，您的当前分支是 `main`，并且本地分支领先于 `origin/main` 分支 1 个提交。此外，输出显示了两个方面的更改：

1. 已删除文件： `"\347\273\210\347\253\257\345\255\230\345\202\250\347\232\204\350\276\223\345\207\272.txt"`
   您可能意外地删除了这个文件。如果这是您不希望删除的文件，您可以使用 `git restore "文件路径"` 还原文件。

2. 未跟踪文件：`.DS_Store` 和 `test/`
   这些文件是未被 Git 追踪的文件，如果您希望将它们纳入版本控制，可以使用 `git add <file>` 命令将它们添加到暂存区。

在处理完这些更改后，您可以使用 `git commit -m "提交描述"` 命令来提交更改。最后，如果您希望将本地的提交推送到远程，可以使用 `git push` 命令。

示例命令如下：

```bash
git restore "\347\273\210\347\253\257\345\255\230\345\202\250\347\232\204\350\276\223\345\207\272.txt"
git add .DS_Store test/
git commit -m "提交描述"
git push
```

希望这可以帮助到您，如果您还有其他问题，欢迎继续提问！

## 来自你的消息:
(base) kongxinyi@kongxiaoxindeMacBook-Pro learngit % git status
On branch main
Your branch is ahead of 'origin/main' by 2 commits.
  (use "git push" to publish your local commits)

Changes not staged for commit:
  (use "git add/rm <file>..." to update what will be committed)
  (use "git restore <file>..." to discard changes in working directory)
	deleted:    "\347\273\210\347\253\257\345\255\230\345\202\250\347\232\204\350\276\223\345\207\272.txt"

no changes added to commit (use "git add" and/or "git commit -a")

## 来自ChatAI的消息:
根据您提供的最新的 `git status` 输出，您的当前分支是 `main`，并且本地分支领先于 `origin/main` 分支 2 个提交。另外，输出还显示了一个已删除文件：`"\347\273\210\347\253\257\345\255\230\345\202\250\347\232\204\350\276\223\345\207\272.txt"`。

由于您没有待提交的更改，可以执行以下操作：

1. 如果您不想删除该文件，请使用以下命令将其恢复回来：
   ```
   git restore "\347\273\210\347\253\257\345\255\230\345\202\250\347\232\204\350\276\223\345\207\272.txt"
   ```

2. 如果您有其他更改需要提交，就使用 `git add <file>` 命令将更改添加到暂存区。

3. 执行 `git commit -m "提交描述"` 命令对更改进行提交。

4. 如果需要将本地提交推送到远程仓库，使用 `git push` 命令将更改推送到远程仓库的相应分支，例如 `git push origin main`。

根据您的 `git status` 输出，您现在只需要注意已删除的文件即可。希望这可以帮助到您，如果您还有其他问题，请随时提问！

## 来自你的消息:
您的当前分支是 main，并且本地分支领先于 origin/main 分支 2 个提交。这是什么意思

## 来自ChatAI的消息:
这个消息意味着您的当前本地分支 "main" 比远程仓库 "origin" 上的 "main" 分支领先了 2 个提交。换句话说，您在本地进行了 2 次提交，而这些提交还没有被推送到远程仓库，所以远程仓库上的 "main" 分支没有包含这 2 次提交的更改。

这种情况通常发生在您已经对本地分支进行了一些修改或提交，但是尚未将这些修改推送到远程仓库时。因此，远程仓库上的 "main" 分支落后于您本地的 "main" 分支。

如果您希望将本地的这两次提交同步到远程仓库，您可以执行 `git push` 命令，将本地的更改推送到远程仓库的 "main" 分支上。示例命令如下：

```bash
git push origin main
```

这将会把您本地的 "main" 分支上的更改推送到远程 "origin" 仓库的 "main" 分支上，使得远程仓库上的分支也包含您已经进行的这两次提交的更改。

希望这能够帮助您理解当前状态，如果您有其他问题，欢迎继续提问！

## 来自你的消息:
(base) kongxinyi@kongxiaoxindeMacBook-Pro learngit % git push origin main

fatal: unable to access 'https://github.com/perpig/learnt.git/': HTTP/2 stream 1 was not closed cleanly before end of the underlying stream

## 来自ChatAI的消息:
这个错误信息通常表示在与远程仓库进行通信时出现了问题。这可能是由于网络问题、远程仓库设置问题或者其他未知原因引起的。

您可以尝试以下几种方法来解决这个问题：

1. **检查网络连接**：首先确保您的网络连接正常，可以尝试访问其他网站或者使用 `ping` 命令测试网络连通性。

2. **验证远程仓库地址**：确保您正在使用正确的远程仓库地址。您可以通过以下命令检查远程仓库地址：

   ```bash
   git remote -v
   ```

   这会列出远程仓库的地址，您可以确认是否有任何拼写错误或者其他问题。

3. **尝试使用 SSH 协议**：如果您是通过 HTTPS 进行通信，可以尝试使用 SSH 协议进行通信。首先需要添加并验证 SSH 密钥，然后将远程仓库地址更新为 SSH 地址。

   示例更新远程地址的命令如下：

   ```bash
   git remote set-url origin git@github.com:perpig/learnt.git
   ```

   请替换成您实际的远程仓库地址。

4. **重新配置 Git 代理**：有时候，代理设置可能会影响到 Git 的通信。您可以尝试关闭代理或者重新配置代理设置。

如果您在尝试上述方法后仍然遇到问题，建议您查阅 Git 文档或者搜索相关错误信息以获取更多帮助。如果您有其他问题或者需要进一步的协助，请随时告诉我！

## 来自你的消息:
(base) kongxinyi@kongxiaoxindeMacBook-Pro learngit % git remote -v
origin	https://github.com/perpig/learnt.git (fetch)
origin	https://github.com/perpig/learnt.git (push)没有作物

## 来自ChatAI的消息:
根据您提供的输出来看，您的远程仓库名称是 `origin`，并且它对应的 fetch 和 push 的 URL 都是通过 HTTPS 协议连接到 GitHub 上的仓库。通常情况下，这种配置本应该可以正常进行远程操作。

不过，您提到了关于 HTTP/2 的错误信息，我注意到您的 URL 地址结尾有一个额外的斜杠，可能是其中的一个原因。正确的 URL 地址应该是 `https://github.com/perpig/learnt.git`，请尝试更新远程 URL 地址，去掉结尾的斜杠。

您可以使用以下命令更新远程 URL 地址：

```bash
git remote set-url origin https://github.com/perpig/learnt.git
```

执行此命令后，再次尝试进行 `git push` 操作，看看问题是否得到解决。如果问题依然存在，我建议您尝试查看 Git 的配置以及系统网络设置，以确定是否有其他可能引起问题的地方。

希望这可以帮助您解决问题，如果您需要更多帮助，请随时告诉我！

## 来自你的消息:
还是无响应

## 来自ChatAI的消息:
如果更新远程 URL 地址后依然无法解决问题，我建议您检查一下网络连接是否正常，可能是网络环境导致了无法与远程仓库进行通信。您可以尝试访问其他网站或者使用其他网络进行尝试。

另外，您还可以尝试使用 Git 的调试模式来获取更详细的信息，看看能否找到问题所在。您可以使用以下命令进行调试：

```bash
GIT_CURL_VERBOSE=1 git push origin main
```

这条命令会将 Git 的网络请求详细信息输出到控制台上，您可以从中查看到更多关于网络通信的信息，也许能够找到问题所在。

另外，您还可以尝试在 GitHub 上访问一些其他页面，或者执行一些其他需要网络连接的操作，以验证网络连接是否正常。

如果上述方法都无法解决问题，我建议您考虑尝试在其他网络环境下进行操作，或者更换使用其他网络设备，以帮助排除网络问题。

希望这些方法能够帮助您解决问题，如果您有任何进展或者其他问题，欢迎随时告诉我！

## 来自你的消息:
(base) kongxinyi@kongxiaoxindeMacBook-Pro learngit % git push



^C
(base) kongxinyi@kongxiaoxindeMacBook-Pro learngit % git push origin main
To https://github.com/perpig/learnt.git
 ! [rejected]        main -> main (fetch first)
error: failed to push some refs to 'https://github.com/perpig/learnt.git'
hint: Updates were rejected because the remote contains work that you do
hint: not have locally. This is usually caused by another repository pushing
hint: to the same ref. You may want to first integrate the remote changes
hint: (e.g., 'git pull ...') before pushing again.
hint: See the 'Note about fast-forwards' in 'git push --help' for details.

## 来自ChatAI的消息:
根据您提供的输出来看，您在尝试将本地的 `main` 分支推送到远程仓库时遇到了一些问题。

错误提示表明远程仓库已经包含了您本地所没有的提交，导致推送被拒绝。通常情况下，这是因为其他人已经向远程仓库推送了更新，而您在此之前没有进行 `git pull` 操作来更新您本地的仓库。

要解决这个问题，您可以执行以下操作：

1. **执行 `git pull`**：首先，尝试执行 `git pull` 命令，从远程仓库拉取最新的更改并合并到本地分支中。该命令将自动尝试合并远程仓库的更改与您本地的提交。

   ```bash
   git pull origin main
   ```

2. **解决合并冲突**：如果 `git pull` 命令引发了合并冲突，您需要解决这些冲突以继续推送。在解决冲突后，您可以继续执行 `git add` 和 `git commit` 来完成合并。

3. **重新推送更改**：当您成功合并远程更改并解决冲突后，再次尝试推送您的更改。

   ```bash
   git push origin main
   ```

这样操作后，您的本地更改应该能够成功推送到远程仓库。

如果问题仍然存在，可能涉及到其他方面的问题，如权限问题或者其他设置问题。建议您检查远程仓库的设置，确保您拥有推送更改的权限。

希望这些步骤可以帮助您解决问题，如果您有任何进展或者其他问题，请随时告诉我！

## 来自你的消息:
(base) kongxinyi@kongxiaoxindeMacBook-Pro learngit % git pull origin main



^C
(base) kongxinyi@kongxiaoxindeMacBook-Pro learngit % git pull


^C
(base) kongxinyi@kongxiaoxindeMacBook-Pro learngit %

## 来自ChatAI的消息:
看起来您尝试执行了 `git pull` 命令，但是命令被中断了。通常情况下，`git pull` 命令应该可以拉取远程仓库的更新并合并到您的本地分支中，但是在您的情况下似乎出现了问题。

如果您不断被迫中断 `git pull` 命令，可能是由于网络连接问题或其他不可预测的情况导致的。为了解决这个问题，您可以尝试以下几种方法：

1. **确保网络连接稳定**：首先，请确保您的网络连接是稳定的，并且能够到达 GitHub 等托管服务，因为 `git pull` 命令需要从远程仓库拉取数据。

2. **尝试多次执行**：有时候 `git pull` 命令可能会因为网络波动或其他原因而中断，您可以尝试多次执行命令，看看是否能够成功拉取并合并更新。

3. **检查远程仓库设置**：检查一下您的远程仓库是否设置正确，并且您是否具有足够的权限来拉取和推送更改。

如果以上方法仍然无法解决问题，我建议您尝试在不同的网络环境下执行 `git pull` 命令，比如使用另一个网络或者 VPN 连接。另外，您还可以尝试在其他设备上执行 `git pull` 命令，以帮助确定是否是特定于您的环境的问题。

希望这些方法可以帮助您解决问题。如果您需要更多帮助，或者对特定步骤有疑问，请随时告诉我！

## 来自你的消息:
(base) kongxinyi@kongxiaoxindeMacBook-Pro learngit % git push
gitTo https://github.com/perpig/learnt.git
 ! [rejected]        main -> main (fetch first)
error: failed to push some refs to 'https://github.com/perpig/learnt.git'
hint: Updates were rejected because the remote contains work that you do
hint: not have locally. This is usually caused by another repository pushing
hint: to the same ref. You may want to first integrate the remote changes
hint: (e.g., 'git pull ...') before pushing again.
hint: See the 'Note about fast-forwards' in 'git push --help' for details.

## 来自ChatAI的消息:
根据您提供的输出来看，您在执行 `git push` 命令时仍然遇到了相同的问题。

错误提示表明远程仓库已经包含了您本地所没有的提交，导致推送被拒绝。这通常是因为其他人已经向远程仓库推送了更新，而您在此之前没有进行 `git pull` 操作来更新您本地的仓库。

要解决这个问题，您可以再次尝试执行以下操作：

1. **执行 `git pull`**：首先，请执行以下命令，从远程仓库拉取最新的更改并合并到本地分支中。

   ```bash
   git pull origin main
   ```

2. **解决合并冲突**：如果 `git pull` 命令引发了合并冲突，您需要解决这些冲突以继续推送。在解决冲突后，使用 `git add` 将文件标记为已解决，并使用 `git commit` 保存更改。

3. **重新推送更改**：当您成功合并远程更改并解决冲突后，再次尝试将更改推送到远程仓库。

   ```bash
   git push origin main
   ```

如果再次遇到问题，请确保您正在推送到正确的远程仓库，并且具有足够的权限进行推送。还请确保网络连接稳定，并尝试使用不同的网络环境或设备进行操作。

希望这些步骤可以帮助您解决问题。如果您有任何进展或其他问题，请随时告诉我！

## 来自你的消息:
(base) kongxinyi@kongxiaoxindeMacBook-Pro learngit % git pull origin main
remote: Enumerating objects: 4, done.
remote: Counting objects: 100% (4/4), done.
remote: Compressing objects: 100% (3/3), done.
remote: Total 3 (delta 0), reused 0 (delta 0), pack-reused 0
Unpacking objects: 100% (3/3), 708 bytes | 236.00 KiB/s, done.
From https://github.com/perpig/learnt
 * branch            main       -> FETCH_HEAD
   44b4d02..379adbe  main       -> origin/main
hint: You have divergent branches and need to specify how to reconcile them.
hint: You can do so by running one of the following commands sometime before
hint: your next pull:
hint: 
hint:   git config pull.rebase false  # merge
hint:   git config pull.rebase true   # rebase
hint:   git config pull.ff only       # fast-forward only
hint: 
hint: You can replace "git config" with "git config --global" to set a default
hint: preference for all repositories. You can also pass --rebase, --no-rebase,
hint: or --ff-only on the command line to override the configured default per
hint: invocation.
fatal: Need to specify how to reconcile divergent branches.

## 来自ChatAI的消息:
根据您提供的输出来看，执行 `git pull origin main` 后，远程仓库的更新已成功拉取到您的本地分支。但是，由于本地分支与远程分支存在冲突，Git 提示您需要指定如何调和这些不一致的分支。

为了解决这个问题，您需要在下次执行 `git pull` 命令之前指定如何调和分支。可以运行以下命令之一来设置调和分支的方式：

- 通过执行 `git config pull.rebase false` 进行合并。
- 通过执行 `git config pull.rebase true` 进行变基。
- 通过执行 `git config pull.ff only` 进行仅快进合并。

可以根据您的个人偏好和项目需求选择其中一种方式。例如，如果您希望使用合并方式，可以运行以下命令：

```bash
git config pull.rebase false
```

然后，您可以继续执行 `git pull` 命令来拉取远程更新并与本地分支合并。

如果您想为所有的 Git 仓库设置默认的调和方式，可以将 `--global` 参数加入到上述命令：

```bash
git config --global pull.rebase false
```

这样就会为所有的仓库设置默认的合并方式。

希望这个解决方案能帮助您解决问题。如果您有任何进一步的问题，请随时向我询问！

## 来自你的消息:
(base) kongxinyi@kongxiaoxindeMacBook-Pro learngit % git pull
Merge made by the 'ort' strategy.
 README.md | 1 +
 1 file changed, 1 insertion(+)
 create mode 100644 README.md

## 来自ChatAI的消息:
看起来您已经成功使用 `git pull` 命令将远程仓库的更改合并到了本地分支。输出信息显示合并操作已经完成，并且一个文件（README.md）已被修改并成功合并。

如果您有任何其他关于 Git 或者其他方面的问题，都可以随时问我。我随时为您效劳！

## 来自你的消息:
之后我想要更新本地文件夹到远程仓库中 我要怎么做

## 来自ChatAI的消息:
要将本地文件夹的更改推送到远程仓库，您可以按照以下步骤进行操作：

1. **添加文件到暂存区**：运行 `git add` 命令，将要推送的文件添加到 Git 的暂存区。

   ```bash
   git add <file1> <file2> ...
   ```

   或者，如果想要添加所有更改过的文件，可以使用 `git add .` 命令。

2. **提交更改**：运行 `git commit` 命令，将暂存区的更改提交到本地仓库。

   ```bash
   git commit -m "提交信息"
   ```

   替换 `"提交信息"` 为描述本次更改的具体内容。

3. **推送更改**：运行 `git push` 命令，将本地仓库中的更改推送到远程仓库。

   ```bash
   git push origin main
   ```

   替换 `main` 为您要推送到的远程分支的名称。

这样，您的本地更改就会被推送到远程仓库中了。

请注意，在执行 `git push` 命令之前，确保您具有推送到远程仓库的权限，并且远程仓库是您要推送的正确仓库。如果您遇到任何错误信息，请按照错误提示进行相应的操作。

如果您有任何进一步的问题，请随时向我提问。我随时为您服务！

## 来自你的消息:
(base) kongxinyi@kongxiaoxindeMacBook-Pro learngit % git status
On branch main
Your branch is ahead of 'origin/main' by 3 commits.
  (use "git push" to publish your local commits)

Changes not staged for commit:
  (use "git add/rm <file>..." to update what will be committed)
  (use "git restore <file>..." to discard changes in working directory)
	deleted:    "\347\273\210\347\253\257\345\255\230\345\202\250\347\232\204\350\276\223\345\207\272.txt"

no changes added to commit (use "git add" and/or "git commit -a")

## 来自ChatAI的消息:
根据您提供的 `git status` 输出信息，您的本地分支 `main` 比远程分支 `origin/main` 超前了 3 个提交，同时还有一个文件被删除但未加入暂存区。

为了将本地更改推送到远程仓库，您需要先添加并提交这些更改，然后再进行推送。

1. **添加删除的文件**：该文件已被删除但未加入暂存区，您可以使用以下命令将其从版本控制移除：

   ```bash
   git rm "\347\273\210\347\253\257\345\255\230\345\202\250\347\232\204\350\276\223\345\207\272.txt"
   ```

   请确保文件名被正确引用。

2. **提交更改**：运行 `git commit` 命令，将暂存区的更改提交到本地仓库。

   ```bash
   git commit -m "描述您的提交"
   ```

   替换 `"描述您的提交"` 为对本次更改的描述信息。

3. **推送更改**：运行 `git push` 命令推送您的本地提交到远程仓库。

   ```bash
   git push origin main
   ```

这样，您的本地更改就会被推送到远程仓库中了。

如果您需要帮助或有任何其他问题，请随时告诉我。

## 来自你的消息:
(base) kongxinyi@kongxiaoxindeMacBook-Pro learngit % git push
fatal: unable to access 'https://github.com/perpig/learnt.git/': HTTP/2 stream 1 was not closed cleanly before end of the underlying stream

## 来自ChatAI的消息:
这个错误通常表示在进行HTTP/2通信时，底层连接未被干净地关闭导致的问题。为了解决这个问题，您可以尝试以下方法：

1. **检查网络连接**：首先确保您的网络连接稳定，可以尝试访问其他网站来检查网络状态。

2. **检查URL的正确性**：请确保您的远程仓库的URL地址没有错误，可以通过以下命令检查远程仓库的地址：

   ```bash
   git remote -v
   ```

   这将列出远程仓库的URL，您可以确认它是否设置正确。

3. **尝试使用SSH协议**：另一种解决办法是尝试使用SSH协议而非HTTPS协议来进行推送。确保您已经将SSH公钥添加到您的GitHub账户中，并将远程仓库的URL修改为SSH协议的URL。

   ```bash
   git remote set-url origin git@github.com:perpig/learnt.git
   ```

   将 `git@github.com:perpig/learnt.git` 替换为您实际的远程仓库地址。

4. **重试推送**：修改完远程仓库的URL后，再次尝试进行推送：

   ```bash
   git push
   ```

以上是解决您遇到问题的常见方法，若以上方法不成功，可能需要进一步调查。同时也请检查一下GitHub官网或者其他渠道是否有关于HTTP/2 stream not closed cleanly的相关信息，以便获取可能的解决方案。

如果您需要更多帮助，请随时向我提问。

## 来自你的消息:
我如何撤回我前面的三个提交

## 来自ChatAI的消息:
要撤销之前的三个提交，您可以使用 `git revert` 命令来撤销这些提交所引入的更改。`git revert` 会创建一个新的提交，这个提交会撤销所选提交的更改。

请按照以下步骤进行操作：

1. **查找要撤销的提交 ID**：运行以下命令来查找要撤销的三个提交的提交 ID。

   ```bash
   git log
   ```

   在输出结果中，找到你要撤销的三个提交的提交 ID。

2. **撤销提交**：针对每个要撤销的提交，运行以下命令：

   ```bash
   git revert <commitID>
   ```

   替换 `<commitID>` 为要撤销的提交的提交 ID。

   例如，如果要撤销三个提交的提交 ID 分别为 `abcd123`, `efgh456`, `ijkl789`，则依次运行以下命令：

   ```bash
   git revert abcd123
   git revert efgh456
   git revert ijkl789
   ```

   对于每个提交，Git 会打开一个文本编辑器，让您提供撤销提交的理由。您可以编辑提交信息（保持默认或修改为自己的描述），保存并关闭编辑器。

3. **推送撤销的更改**：运行 `git push` 命令来将撤销的更改推送到远程仓库。

   ```bash
   git push origin main
   ```

   替换 `main` 为您要推送到的远程分支的名称。

现在，您的三个提交的更改将被撤销，并且撤销的更改将通过新的提交被推送到远程仓库中。

请注意，使用 `git revert` 不会删除历史提交，而是创建新的提交来撤销旧的提交。如果您需要删除历史提交，可以使用其他的 Git 命令，如 `git reset` 或 `git rebase`。但是，请谨慎使用这些命令，因为它们会改变提交历史，可能会影响其他团队成员的工作。

如果您有任何进一步的问题，请随时向我提问。我随时为您服务！

## 来自你的消息:
(base) kongxinyi@kongxiaoxindeMacBook-Pro learngit % git log
commit d3945ff49f7affc3f5ce10b421f816f1d8719914 (HEAD -> main)
Merge: b49de18 379adbe
Author: 孔小馨 <kongxinyi@kongxiaoxindeMacBook-Pro.local>
Date:   Tue Dec 26 18:02:45 2023 +0800

    Merge branch 'main' of https://github.com/perpig/learnt

commit b49de18580da7618f101c47fd76e5eb912633a72
Author: 孔小馨 <kongxinyi@kongxiaoxindeMacBook-Pro.local>
Date:   Tue Dec 26 17:51:37 2023 +0800

    test for another commit at 17:51

commit 9a53473ebb962e9e605ac4f61189fb305405f543
Author: 孔小馨 <kongxinyi@kongxiaoxindeMacBook-Pro.local>
Date:   Tue Dec 26 17:43:21 2023 +0800

    test--?

commit 379adbe8b41d998efdc769a063a61c8c1b113705 (origin/main)
Author: perpig <141020690+perpig@users.noreply.github.com>
Date:   Tue Dec 26 17:22:22 2023 +0800

    Create README.md

commit 44b4d0261d27d44d5bfb535235de9d67ea4a9023
Author: 孔小馨 <kongxinyi@kongxiaoxindeMacBook-Pro.local>
Date:   Tue Dec 26 17:07:45 2023 +0800

    first commit

## 来自ChatAI的消息:
根据您提供的提交记录，看起来您最近进行了一次合并（Merge）操作，合并了远程仓库的更改到本地分支。这个合并提交的哈希值是 `d3945ff49f7affc3f5ce10b421f816f1d8719914`。

如果您的目标是撤销这个合并提交和之前的两个提交，可以按照以下步骤操作：

1. **确定要回滚的提交范围**：如果您要回滚的范围包括合并提交和之前的两个提交，可以使用 `git log` 命令查看要回滚的提交的哈希值。

2. **使用交互式 rebase 来回滚提交**：您可以使用交互式 rebase 来回滚提交，该操作会改变提交历史，请谨慎操作。

   ```bash
   git rebase -i HEAD~4
   ```

   这里的 `HEAD~4` 表示要回滚的最近的 4 个提交，包括合并提交和之前的两个提交。

3. 在弹出的交互式界面中，找到要回滚的提交，并将其前面的 `pick` 改为 `drop`。

4. 保存并关闭编辑器，Git 将会执行 rebase 操作，并且自动应用您的修改。

5. 如果在执行 rebase 过程中遇到冲突，需要解决冲突后继续 rebase 的操作。

6. 最后，运行 `git push -f` 强制推送到远程仓库。

请注意，这个操作会改变提交历史，如果有其他共享这个分支的开发者，建议提前告知这个操作。

在任何操作之前，请务必备份您的仓库，以防万一。如果您对这个操作有任何疑问或者需要进一步的指导，请随时告诉我。

## 来自你的消息:
我想要撤回上述的最近三次提交

## 来自ChatAI的消息:
要撤回最近的三次提交，您可以使用 `git reset` 命令来移动分支指针，将分支指向撤销的那个提交，并丢弃后续的提交。

请按照以下步骤进行操作：

1. **找到要撤销的提交**：根据您提供的提交记录，您想要撤销的是最近的三次提交。

2. **运行 `git log` 确认要撤销的提交的哈希值**：运行以下命令来查看最近的三次提交的哈希值。

   ```bash
   git log
   ```

   确定要撤销的三个提交的哈希值。

3. **运行 `git reset` 以撤销提交**：运行以下命令来进行撤销。

   ```bash
   git reset --hard <commitID>
   ```

   替换 `<commitID>` 为要撤销的提交之前的那个提交的哈希值。

   假设要撤销的三个提交的哈希值分别是 `d3945ff`, `b49de18` 和 `9a53473`，则依次运行以下命令：

   ```bash
   git reset --hard d3945ff
   git reset --hard b49de18
   git reset --hard 9a53473
   ```

   这将移动分支指针并丢弃后续的提交。

4. **推送变更到远程仓库**：如果您已经将这些提交推送到远程仓库，并且希望将这些变更推送到远程仓库以更新它，请运行以下命令：

   ```bash
   git push -f origin main
   ```

   请注意，`-f` 参数用于强制推送，因为重写了历史记录。

现在，您的最近的三次提交将被撤销，并且在您的本地分支上将会回退到之前的状态。请注意，这种撤销方式会改变提交历史，如果有其他人与您共享这个分支，请确保与他们达成一致并告知他们这个操作。

如果您需要进一步的帮助，请随时提问。

## 来自你的消息:
(base) kongxinyi@kongxiaoxindeMacBook-Pro learngit % git push
fatal: unable to access 'https://github.com/perpig/learnt.git/': HTTP/2 stream 1 was not closed cleanly before end of the underlying stream

## 来自ChatAI的消息:
这个错误通常是由于网络连接问题导致的。如果您在执行 `git push` 时遇到这个错误，您可以尝试以下几种方法来解决：

1. **检查网络连接**：确保您的网络连接正常，尝试打开其他网页或应用程序以验证网络是否正常工作。

2. **尝试使用 SSH 协议**：如果您当前使用的是 HTTPS 协议进行推送操作，可以尝试切换到使用 SSH 协议。首先，您需要在 GitHub 上配置您的 SSH 密钥。然后，将远程仓库的 URL 修改为 SSH 格式：

   ```bash
   git remote set-url origin git@github.com:perpig/learnt.git
   ```

   然后再次尝试执行 `git push`。

3. **尝试多次重试**：有时候由于网络不稳定的原因，会导致一次推送操作失败。您可以多次尝试执行 `git push`，直到成功。

4. **联系网络管理员或代码托管平台支持**：如果您在不同的网络环境下都无法成功推送，或者这个问题持续存在，可能是由于网络防火墙或代码托管平台的问题造成的。您可以联系网络管理员或代码托管平台的支持团队，寻求进一步的帮助。

请注意，这个错误信息表明在 HTTP/2 流关闭之前，底层流已经结束。这通常是由于网络中的某些问题造成的，而不是您的操作或设置问题。

如果您需要进一步的帮助，请提供更多细节或问题的上下文，我将尽力继续帮助您。

## 来自你的消息:
怎么找到我的ssh

## 来自ChatAI的消息:
要找到您的 SSH 密钥，您可以按照以下步骤进行操作：

1. **检查默认的 SSH 密钥路径**：SSH 密钥通常被存储在用户主目录的 `.ssh` 文件夹中。您可以打开终端并输入以下命令查看：

   ```bash
   cd ~/.ssh
   ls
   ```

   如果这个文件夹存在，并且有相关的密钥文件（例如 `id_rsa` 和 `id_rsa.pub`），那么这就是您的 SSH 密钥。

2. **查找其他 SSH 密钥路径**：如果您的 SSH 密钥不在默认的路径中，您可以运行以下命令查找所有 SSH 密钥的位置：

   ```bash
   find / -name "*.pub" -exec dirname {} \;
   ```

   这会在您的计算机上搜索所有的 `.pub` 文件，并显示它们所在的文件夹路径。通常，私钥文件与公钥文件位于同一个文件夹中，并且私钥文件没有扩展名。

3. **生成新的 SSH 密钥**：如果您没有找到任何现有的 SSH 密钥，或者您想要创建一个新的密钥对，您可以使用 `ssh-keygen` 命令生成新的 SSH 密钥。

   ```bash
   ssh-keygen -t rsa -b 4096 -C "your_email@example.com"
   ```

   运行命令后，按照提示输入新密钥的保存路径和密码。

4. **将公钥添加到代码托管平台**：一旦您找到或生成了 SSH 密钥，您需要将公钥添加到您使用的代码托管平台（如 GitHub 或 GitLab）的账户设置中。具体的步骤可能因平台而异，请参考相应平台的文档或设置页面。

   通常，您需要将公钥文件的内容复制粘贴到您的代码托管平台账户的 SSH Keys 或 Deploy Keys 部分。

现在，您应该能够找到您的 SSH 密钥并将其应用于适当的场景了。如果您需要进一步的帮助，请随时提问。

## 来自你的消息:
我是说在github上的这个项目里找到ssh

## 来自ChatAI的消息:
要在 GitHub 上找到项目的 SSH URL，您可以按照以下步骤进行操作：

1. **打开 GitHub 仓库**：在您的 Web 浏览器中，打开相应的 GitHub 仓库页面。

2. **选择 "Code" 选项卡**：在仓库页面上，选择顶部导航栏中的 "Code" 选项卡。

3. **选择 SSH 选项**：在 "Code" 选项卡中，您将看到一个下拉菜单，其中包含 "Clone" URL。在该下拉菜单中，选择 "SSH" 选项。

4. **复制 SSH URL**：在选择了 SSH 选项后，您将看到一个 URL，以 "git@github.com:" 开头，后面跟着您的用户名和仓库名称。复制这个完整的 SSH URL。

现在您已经找到了在 GitHub 上的项目的 SSH URL。您可以使用这个 URL 来进行克隆、推送和拉取等操作，或者将其用于版本控制工具（如 Git）中的相应命令。

如果您需要进一步的帮助，请随时提问。

## 来自你的消息:
git remote set-url origin git@github.com:perpig/learnt.git这个在干嘛

## 来自ChatAI的消息:
这个命令是用来修改 Git 仓库的远程地址（remote URL）的。具体地说，这条命令将修改名为 "origin" 的远程仓库地址为指定的 SSH URL：git@github.com:perpig/learnt.git。

在这条命令中：
- `git remote set-url` 是 Git 的命令，用于设置远程仓库的 URL。
- `origin` 是你本地使用的远程仓库的别名。通常，在克隆或初始化仓库时，Git 会自动帮你创建一个名为 "origin" 的远程仓库别名。
- `git@github.com:perpig/learnt.git` 是新的远程仓库地址，以 SSH 协议的格式表示。

通过执行这条命令，Git 会将远程仓库 "origin" 的地址修改为指定的 SSH URL，这样你就可以使用 SSH 协议来与远程仓库进行交互，例如进行推送（push）操作时就会使用 SSH 协议来进行认证和传输。

如果你对这个命令还有任何疑问，或者需要更多的帮助，请随时告诉我。

## 来自你的消息:
(base) kongxinyi@kongxiaoxindeMacBook-Pro learngit % git push
fatal: unable to access 'https://github.com/perpig/learnt.git/': HTTP/2 stream 1 was not closed cleanly before end of the underlying stream
(base) kongxinyi@kongxiaoxindeMacBook-Pro learngit % git remote set-url origin git@github.com:perpig/learnt.git
(base) kongxinyi@kongxiaoxindeMacBook-Pro learngit % git push
Enumerating objects: 11, done.
Counting objects: 100% (11/11), done.
Delta compression using up to 8 threads
Compressing objects: 100% (9/9), done.
Writing objects: 100% (9/9), 2.32 KiB | 2.32 MiB/s, done.
Total 9 (delta 1), reused 0 (delta 0), pack-reused 0
remote: Resolving deltas: 100% (1/1), done.
To github.com:perpig/learnt.git
   379adbe..d3945ff  main -> main

## 来自ChatAI的消息:
从您提供的输出来看，您之前尝试使用 HTTPS 协议进行 Git 推送（`git push`），但是遇到了一个错误。错误消息中提到了 "HTTP/2 stream 1 was not closed cleanly before end of the underlying stream"。

为了解决这个问题，您尝试将远程仓库的 URL 修改为 SSH 协议的 URL，使用命令 `git remote set-url origin git@github.com:perpig/learnt.git` 进行了修改。

然后，您再次执行了 `git push` 命令，并且成功地将本地的更改推送到了远程仓库。

通过将远程仓库的 URL 修改为 SSH 协议，您解决了使用 HTTPS 协议时遇到的问题。现在，您可以使用 SSH 协议进行 Git 操作，而不会再遇到这个错误。

如果您有任何其他问题，需要更多的帮助，请随时提问。

