Last login: Tue Dec 26 16:55:53 on ttys000
(base) kongxinyi@kongxiaoxindeMacBook-Pro ~ % mkdir learngit
(base) kongxinyi@kongxiaoxindeMacBook-Pro ~ % cd learngit
(base) kongxinyi@kongxiaoxindeMacBook-Pro learngit % pwd
/Users/kongxinyi/learngit
(base) kongxinyi@kongxiaoxindeMacBook-Pro learngit % git init
Initialized empty Git repository in /Users/kongxinyi/learngit/.git/
(base) kongxinyi@kongxiaoxindeMacBook-Pro learngit % vim sample.txt
(base) kongxinyi@kongxiaoxindeMacBook-Pro learngit % git status
On branch main

No commits yet

Untracked files:
  (use "git add <file>..." to include in what will be committed)
	sample.txt

nothing added to commit but untracked files present (use "git add" to track)
(base) kongxinyi@kongxiaoxindeMacBook-Pro learngit % git add sample.txt
(base) kongxinyi@kongxiaoxindeMacBook-Pro learngit % git stattus
git: 'stattus' is not a git command. See 'git --help'.

The most similar command is
	status
(base) kongxinyi@kongxiaoxindeMacBook-Pro learngit % git status
On branch main

No commits yet

Changes to be committed:
  (use "git rm --cached <file>..." to unstage)
	new file:   sample.txt

(base) kongxinyi@kongxiaoxindeMacBook-Pro learngit % git commit -m "first commit"
[main (root-commit) 44b4d02] first commit
 Committer: 孔小馨 <kongxinyi@kongxiaoxindeMacBook-Pro.local>
Your name and email address were configured automatically based
on your username and hostname. Please check that they are accurate.
You can suppress this message by setting them explicitly. Run the
following command and follow the instructions in your editor to edit
your configuration file:

    git config --global --edit

After doing this, you may fix the identity used for this commit with:

    git commit --amend --reset-author

 1 file changed, 6 insertions(+)
 create mode 100644 sample.txt
(base) kongxinyi@kongxiaoxindeMacBook-Pro learngit % git status
On branch main
nothing to commit, working tree clean
(base) kongxinyi@kongxiaoxindeMacBook-Pro learngit % git log
commit 44b4d0261d27d44d5bfb535235de9d67ea4a9023 (HEAD -> main)
Author: 孔小馨 <kongxinyi@kongxiaoxindeMacBook-Pro.local>
Date:   Tue Dec 26 17:07:45 2023 +0800

    first commit
(base) kongxinyi@kongxiaoxindeMacBook-Pro learngit % git remote add origin https://github.com/perpig/learnt.git
(base) kongxinyi@kongxiaoxindeMacBook-Pro learngit % git branch
* main
(base) kongxinyi@kongxiaoxindeMacBook-Pro learngit % git branch -M main 
(base) kongxinyi@kongxiaoxindeMacBook-Pro learngit % git push -u origin main
Username for 'https://github.com': pigpig 
Password for 'https://pigpig@github.com': 
Enumerating objects: 3, done.
Counting objects: 100% (3/3), done.
Writing objects: 100% (3/3), 257 bytes | 257.00 KiB/s, done.
Total 3 (delta 0), reused 0 (delta 0), pack-reused 0
To https://github.com/perpig/learnt.git
 * [new branch]      main -> main
branch 'main' set up to track 'origin/main'.
(base) kongxinyi@kongxiaoxindeMacBook-Pro learngit % git push origin main

Everything up-to-date
(base) kongxinyi@kongxiaoxindeMacBook-Pro learngit % 
