Last login: Tue Dec 26 16:55:53 on ttys000
(base) kongxinyi@kongxiaoxindeMacBook-Pro ~ % mkdir learngit
(base) kongxinyi@kongxiaoxindeMacBook-Pro ~ % cd learngit
(base) kongxinyi@kongxiaoxindeMacBook-Pro learngit % pwd
/Users/kongxinyi/learngit
(base) kongxinyi@kongxiaoxindeMacBook-Pro learngit % git init
Initialized empty Git repository in /Users/kongxinyi/learngit/.git/
(base) kongxinyi@kongxiaoxindeMacBook-Pro learngit % vim sample.txt
(base) kongxinyi@kongxiaoxindeMacBook-Pro learngit % git status
On branch main

No commits yet

Untracked files:
  (use "git add <file>..." to include in what will be committed)
	sample.txt

nothing added to commit but untracked files present (use "git add" to track)
(base) kongxinyi@kongxiaoxindeMacBook-Pro learngit % git add sample.txt
(base) kongxinyi@kongxiaoxindeMacBook-Pro learngit % git stattus
git: 'stattus' is not a git command. See 'git --help'.

The most similar command is
	status
(base) kongxinyi@kongxiaoxindeMacBook-Pro learngit % git status
On branch main

No commits yet

Changes to be committed:
  (use "git rm --cached <file>..." to unstage)
	new file:   sample.txt

(base) kongxinyi@kongxiaoxindeMacBook-Pro learngit % git commit -m "first commit"
[main (root-commit) 44b4d02] first commit
 Committer: 孔小馨 <kongxinyi@kongxiaoxindeMacBook-Pro.local>
Your name and email address were configured automatically based
on your username and hostname. Please check that they are accurate.
You can suppress this message by setting them explicitly. Run the
following command and follow the instructions in your editor to edit
your configuration file:

    git config --global --edit

After doing this, you may fix the identity used for this commit with:

    git commit --amend --reset-author

 1 file changed, 6 insertions(+)
 create mode 100644 sample.txt
(base) kongxinyi@kongxiaoxindeMacBook-Pro learngit % git status
On branch main
nothing to commit, working tree clean
(base) kongxinyi@kongxiaoxindeMacBook-Pro learngit % git log
commit 44b4d0261d27d44d5bfb535235de9d67ea4a9023 (HEAD -> main)
Author: 孔小馨 <kongxinyi@kongxiaoxindeMacBook-Pro.local>
Date:   Tue Dec 26 17:07:45 2023 +0800

    first commit
(base) kongxinyi@kongxiaoxindeMacBook-Pro learngit % git remote add origin https://github.com/perpig/learnt.git
(base) kongxinyi@kongxiaoxindeMacBook-Pro learngit % git branch
* main
(base) kongxinyi@kongxiaoxindeMacBook-Pro learngit % git branch -M main 
(base) kongxinyi@kongxiaoxindeMacBook-Pro learngit % git push -u origin main
Username for 'https://github.com': pigpig 
Password for 'https://pigpig@github.com': 
Enumerating objects: 3, done.
Counting objects: 100% (3/3), done.
Writing objects: 100% (3/3), 257 bytes | 257.00 KiB/s, done.
Total 3 (delta 0), reused 0 (delta 0), pack-reused 0
To https://github.com/perpig/learnt.git
 * [new branch]      main -> main
branch 'main' set up to track 'origin/main'.
(base) kongxinyi@kongxiaoxindeMacBook-Pro learngit % git push origin main

Everything up-to-date
(base) kongxinyi@kongxiaoxindeMacBook-Pro learngit % git status
On branch main
Your branch is up to date with 'origin/main'.

Untracked files:
  (use "git add <file>..." to include in what will be committed)
	.DS_Store
	"\347\273\210\347\253\257\345\255\230\345\202\250\347\232\204\350\276\223\345\207\272.txt"

nothing added to commit but untracked files present (use "git add" to track)
(base) kongxinyi@kongxiaoxindeMacBook-Pro learngit % git add test 
(base) kongxinyi@kongxiaoxindeMacBook-Pro learngit % git status
On branch main
Your branch is up to date with 'origin/main'.

Untracked files:
  (use "git add <file>..." to include in what will be committed)
	.DS_Store
	"\347\273\210\347\253\257\345\255\230\345\202\250\347\232\204\350\276\223\345\207\272.txt"

nothing added to commit but untracked files present (use "git add" to track)
(base) kongxinyi@kongxiaoxindeMacBook-Pro learngit % git commit -m "test--?"
On branch main
Your branch is up to date with 'origin/main'.

Untracked files:
  (use "git add <file>..." to include in what will be committed)
	.DS_Store
	"\347\273\210\347\253\257\345\255\230\345\202\250\347\232\204\350\276\223\345\207\272.txt"

nothing added to commit but untracked files present (use "git add" to track)
(base) kongxinyi@kongxiaoxindeMacBook-Pro learngit % git add test
(base) kongxinyi@kongxiaoxindeMacBook-Pro learngit % cd learngit
cd: no such file or directory: learngit
(base) kongxinyi@kongxiaoxindeMacBook-Pro learngit % pwd
/Users/kongxinyi/learngit
(base) kongxinyi@kongxiaoxindeMacBook-Pro learngit % git status 
On branch main
Your branch is up to date with 'origin/main'.

Untracked files:
  (use "git add <file>..." to include in what will be committed)
	.DS_Store
	"\347\273\210\347\253\257\345\255\230\345\202\250\347\232\204\350\276\223\345\207\272.txt"

nothing added to commit but untracked files present (use "git add" to track)
(base) kongxinyi@kongxiaoxindeMacBook-Pro learngit % git add test
(base) kongxinyi@kongxiaoxindeMacBook-Pro learngit % git add 终端存储的输出.txt
(base) kongxinyi@kongxiaoxindeMacBook-Pro learngit % git status
On branch main
Your branch is up to date with 'origin/main'.

Changes to be committed:
  (use "git restore --staged <file>..." to unstage)
	new file:   "\347\273\210\347\253\257\345\255\230\345\202\250\347\232\204\350\276\223\345\207\272.txt"

Untracked files:
  (use "git add <file>..." to include in what will be committed)
	.DS_Store

(base) kongxinyi@kongxiaoxindeMacBook-Pro learngit % git commit -m "test--?"
[main 9a53473] test--?
 Committer: 孔小馨 <kongxinyi@kongxiaoxindeMacBook-Pro.local>
Your name and email address were configured automatically based
on your username and hostname. Please check that they are accurate.
You can suppress this message by setting them explicitly. Run the
following command and follow the instructions in your editor to edit
your configuration file:

    git config --global --edit

After doing this, you may fix the identity used for this commit with:

    git commit --amend --reset-author

 1 file changed, 77 insertions(+)
 create mode 100644 "\347\273\210\347\253\257\345\255\230\345\202\250\347\232\204\350\276\223\345\207\272.txt"
(base) kongxinyi@kongxiaoxindeMacBook-Pro learngit % git status 
On branch main
Your branch is ahead of 'origin/main' by 1 commit.
  (use "git push" to publish your local commits)

Untracked files:
  (use "git add <file>..." to include in what will be committed)
	.DS_Store

nothing added to commit but untracked files present (use "git add" to track)
(base) kongxinyi@kongxiaoxindeMacBook-Pro learngit % git commit -m "test for second commit"
On branch main
Your branch is ahead of 'origin/main' by 1 commit.
  (use "git push" to publish your local commits)

Untracked files:
  (use "git add <file>..." to include in what will be committed)
	.DS_Store

nothing added to commit but untracked files present (use "git add" to track)
(base) kongxinyi@kongxiaoxindeMacBook-Pro learngit % git status 
On branch main
Your branch is ahead of 'origin/main' by 1 commit.
  (use "git push" to publish your local commits)

Untracked files:
  (use "git add <file>..." to include in what will be committed)
	.DS_Store

nothing added to commit but untracked files present (use "git add" to track)
(base) kongxinyi@kongxiaoxindeMacBook-Pro learngit % git push





^C
(base) kongxinyi@kongxiaoxindeMacBook-Pro learngit % git branch -M main  
(base) kongxinyi@kongxiaoxindeMacBook-Pro learngit % 
git push -u origin main

^C
(base) kongxinyi@kongxiaoxindeMacBook-Pro learngit % git push -u origin main












^C
(base) kongxinyi@kongxiaoxindeMacBook-Pro learngit % status
zsh: command not found: status
(base) kongxinyi@kongxiaoxindeMacBook-Pro learngit % git status
On branch main
Your branch is ahead of 'origin/main' by 1 commit.
  (use "git push" to publish your local commits)

Untracked files:
  (use "git add <file>..." to include in what will be committed)
	.DS_Store

nothing added to commit but untracked files present (use "git add" to track)
(base) kongxinyi@kongxiaoxindeMacBook-Pro learngit % log
usage:
    log <command>

global options:
    -?, --help
    -q, --quiet
    -v, --verbose

commands:
    collect         gather system logs into a log archive
    config          view/change logging system settings
    erase           delete system logging data
    show            view/search system logs
    stream          watch live system logs
    stats           show system logging statistics

further help:
    log help <command>
    log help predicates
(base) kongxinyi@kongxiaoxindeMacBook-Pro learngit % git log
commit 9a53473ebb962e9e605ac4f61189fb305405f543 (HEAD -> main)
Author: 孔小馨 <kongxinyi@kongxiaoxindeMacBook-Pro.local>
Date:   Tue Dec 26 17:43:21 2023 +0800

    test--?

commit 44b4d0261d27d44d5bfb535235de9d67ea4a9023 (origin/main)
Author: 孔小馨 <kongxinyi@kongxiaoxindeMacBook-Pro.local>
Date:   Tue Dec 26 17:07:45 2023 +0800

    first commit
(base) kongxinyi@kongxiaoxindeMacBook-Pro learngit % git status
On branch main
Your branch is ahead of 'origin/main' by 1 commit.
  (use "git push" to publish your local commits)

Changes not staged for commit:
  (use "git add/rm <file>..." to update what will be committed)
  (use "git restore <file>..." to discard changes in working directory)
	deleted:    "\347\273\210\347\253\257\345\255\230\345\202\250\347\232\204\350\276\223\345\207\272.txt"

Untracked files:
  (use "git add <file>..." to include in what will be committed)
	.DS_Store
	test/

no changes added to commit (use "git add" and/or "git commit -a")
(base) kongxinyi@kongxiaoxindeMacBook-Pro learngit % git add .DS_Store test/
(base) kongxinyi@kongxiaoxindeMacBook-Pro learngit % git commit -m "test for another commit at 17:51"
[main b49de18] test for another commit at 17:51
 Committer: 孔小馨 <kongxinyi@kongxiaoxindeMacBook-Pro.local>
Your name and email address were configured automatically based
on your username and hostname. Please check that they are accurate.
You can suppress this message by setting them explicitly. Run the
following command and follow the instructions in your editor to edit
your configuration file:

    git config --global --edit

After doing this, you may fix the identity used for this commit with:

    git commit --amend --reset-author

 2 files changed, 77 insertions(+)
 create mode 100644 .DS_Store
 create mode 100644 "test/\347\273\210\347\253\257\345\255\230\345\202\250\347\232\204\350\276\223\345\207\272.txt"
(base) kongxinyi@kongxiaoxindeMacBook-Pro learngit % git status
On branch main
Your branch is ahead of 'origin/main' by 2 commits.
  (use "git push" to publish your local commits)

Changes not staged for commit:
  (use "git add/rm <file>..." to update what will be committed)
  (use "git restore <file>..." to discard changes in working directory)
	deleted:    "\347\273\210\347\253\257\345\255\230\345\202\250\347\232\204\350\276\223\345\207\272.txt"

no changes added to commit (use "git add" and/or "git commit -a")
(base) kongxinyi@kongxiaoxindeMacBook-Pro learngit % git push













^C
(base) kongxinyi@kongxiaoxindeMacBook-Pro learngit % 
(base) kongxinyi@kongxiaoxindeMacBook-Pro learngit % git push origin main

fatal: unable to access 'https://github.com/perpig/learnt.git/': HTTP/2 stream 1 was not closed cleanly before end of the underlying stream
(base) kongxinyi@kongxiaoxindeMacBook-Pro learngit % 
(base) kongxinyi@kongxiaoxindeMacBook-Pro learngit % git remote -v
origin	https://github.com/perpig/learnt.git (fetch)
origin	https://github.com/perpig/learnt.git (push)
(base) kongxinyi@kongxiaoxindeMacBook-Pro learngit % git remote set-url origin https://github.com/perpig/learnt.git
(base) kongxinyi@kongxiaoxindeMacBook-Pro learngit % git status
On branch main
Your branch is ahead of 'origin/main' by 2 commits.
  (use "git push" to publish your local commits)

Changes not staged for commit:
  (use "git add/rm <file>..." to update what will be committed)
  (use "git restore <file>..." to discard changes in working directory)
	deleted:    "\347\273\210\347\253\257\345\255\230\345\202\250\347\232\204\350\276\223\345\207\272.txt"

no changes added to commit (use "git add" and/or "git commit -a")
(base) kongxinyi@kongxiaoxindeMacBook-Pro learngit % git push



^C
(base) kongxinyi@kongxiaoxindeMacBook-Pro learngit % git push origin main
To https://github.com/perpig/learnt.git
 ! [rejected]        main -> main (fetch first)
error: failed to push some refs to 'https://github.com/perpig/learnt.git'
hint: Updates were rejected because the remote contains work that you do
hint: not have locally. This is usually caused by another repository pushing
hint: to the same ref. You may want to first integrate the remote changes
hint: (e.g., 'git pull ...') before pushing again.
hint: See the 'Note about fast-forwards' in 'git push --help' for details.
(base) kongxinyi@kongxiaoxindeMacBook-Pro learngit % git pull origin main



^C
(base) kongxinyi@kongxiaoxindeMacBook-Pro learngit % git pull


^C
(base) kongxinyi@kongxiaoxindeMacBook-Pro learngit % git push --help
(base) kongxinyi@kongxiaoxindeMacBook-Pro learngit % 
(base) kongxinyi@kongxiaoxindeMacBook-Pro learngit % git status
On branch main
Your branch is ahead of 'origin/main' by 2 commits.
  (use "git push" to publish your local commits)

Changes not staged for commit:
  (use "git add/rm <file>..." to update what will be committed)
  (use "git restore <file>..." to discard changes in working directory)
	deleted:    "\347\273\210\347\253\257\345\255\230\345\202\250\347\232\204\350\276\223\345\207\272.txt"

no changes added to commit (use "git add" and/or "git commit -a")
(base) kongxinyi@kongxiaoxindeMacBook-Pro learngit % git push
gitTo https://github.com/perpig/learnt.git
 ! [rejected]        main -> main (fetch first)
error: failed to push some refs to 'https://github.com/perpig/learnt.git'
hint: Updates were rejected because the remote contains work that you do
hint: not have locally. This is usually caused by another repository pushing
hint: to the same ref. You may want to first integrate the remote changes
hint: (e.g., 'git pull ...') before pushing again.
hint: See the 'Note about fast-forwards' in 'git push --help' for details.
(base) kongxinyi@kongxiaoxindeMacBook-Pro learngit % git pull origin main
remote: Enumerating objects: 4, done.
remote: Counting objects: 100% (4/4), done.
remote: Compressing objects: 100% (3/3), done.
remote: Total 3 (delta 0), reused 0 (delta 0), pack-reused 0
Unpacking objects: 100% (3/3), 708 bytes | 236.00 KiB/s, done.
From https://github.com/perpig/learnt
 * branch            main       -> FETCH_HEAD
   44b4d02..379adbe  main       -> origin/main
hint: You have divergent branches and need to specify how to reconcile them.
hint: You can do so by running one of the following commands sometime before
hint: your next pull:
hint: 
hint:   git config pull.rebase false  # merge
hint:   git config pull.rebase true   # rebase
hint:   git config pull.ff only       # fast-forward only
hint: 
hint: You can replace "git config" with "git config --global" to set a default
hint: preference for all repositories. You can also pass --rebase, --no-rebase,
hint: or --ff-only on the command line to override the configured default per
hint: invocation.
fatal: Need to specify how to reconcile divergent branches.
(base) kongxinyi@kongxiaoxindeMacBook-Pro learngit % git config pull.rebase false
(base) kongxinyi@kongxiaoxindeMacBook-Pro learngit % git pull
Merge made by the 'ort' strategy.
 README.md | 1 +
 1 file changed, 1 insertion(+)
 create mode 100644 README.md
(base) kongxinyi@kongxiaoxindeMacBook-Pro learngit % git status
On branch main
Your branch is ahead of 'origin/main' by 3 commits.
  (use "git push" to publish your local commits)

Changes not staged for commit:
  (use "git add/rm <file>..." to update what will be committed)
  (use "git restore <file>..." to discard changes in working directory)
	deleted:    "\347\273\210\347\253\257\345\255\230\345\202\250\347\232\204\350\276\223\345\207\272.txt"

no changes added to commit (use "git add" and/or "git commit -a")
(base) kongxinyi@kongxiaoxindeMacBook-Pro learngit % git push
fatal: unable to access 'https://github.com/perpig/learnt.git/': HTTP/2 stream 1 was not closed cleanly before end of the underlying stream
(base) kongxinyi@kongxiaoxindeMacBook-Pro learngit % git log
commit d3945ff49f7affc3f5ce10b421f816f1d8719914 (HEAD -> main)
Merge: b49de18 379adbe
Author: 孔小馨 <kongxinyi@kongxiaoxindeMacBook-Pro.local>
Date:   Tue Dec 26 18:02:45 2023 +0800

    Merge branch 'main' of https://github.com/perpig/learnt

commit b49de18580da7618f101c47fd76e5eb912633a72
Author: 孔小馨 <kongxinyi@kongxiaoxindeMacBook-Pro.local>
Date:   Tue Dec 26 17:51:37 2023 +0800

    test for another commit at 17:51

commit 9a53473ebb962e9e605ac4f61189fb305405f543
Author: 孔小馨 <kongxinyi@kongxiaoxindeMacBook-Pro.local>
Date:   Tue Dec 26 17:43:21 2023 +0800

    test--?

commit 379adbe8b41d998efdc769a063a61c8c1b113705 (origin/main)
Author: perpig <141020690+perpig@users.noreply.github.com>
Date:   Tue Dec 26 17:22:22 2023 +0800

    Create README.md

commit 44b4d0261d27d44d5bfb535235de9d67ea4a9023
Author: 孔小馨 <kongxinyi@kongxiaoxindeMacBook-Pro.local>
Date:   Tue Dec 26 17:07:45 2023 +0800

    first commit
(base) kongxinyi@kongxiaoxindeMacBook-Pro learngit % git status
On branch main
Your branch is ahead of 'origin/main' by 3 commits.
  (use "git push" to publish your local commits)

Changes not staged for commit:
  (use "git add/rm <file>..." to update what will be committed)
  (use "git restore <file>..." to discard changes in working directory)
	deleted:    "\347\273\210\347\253\257\345\255\230\345\202\250\347\232\204\350\276\223\345\207\272.txt"

no changes added to commit (use "git add" and/or "git commit -a")
(base) kongxinyi@kongxiaoxindeMacBook-Pro learngit % git push
fatal: unable to access 'https://github.com/perpig/learnt.git/': HTTP/2 stream 1 was not closed cleanly before end of the underlying stream
(base) kongxinyi@kongxiaoxindeMacBook-Pro learngit % git push
fatal: unable to access 'https://github.com/perpig/learnt.git/': HTTP/2 stream 1 was not closed cleanly before end of the underlying stream
(base) kongxinyi@kongxiaoxindeMacBook-Pro learngit % git remote set-url origin git@github.com:perpig/learnt.git
(base) kongxinyi@kongxiaoxindeMacBook-Pro learngit % git push
Enumerating objects: 11, done.
Counting objects: 100% (11/11), done.
Delta compression using up to 8 threads
Compressing objects: 100% (9/9), done.
Writing objects: 100% (9/9), 2.32 KiB | 2.32 MiB/s, done.
Total 9 (delta 1), reused 0 (delta 0), pack-reused 0
remote: Resolving deltas: 100% (1/1), done.
To github.com:perpig/learnt.git
   379adbe..d3945ff  main -> main
(base) kongxinyi@kongxiaoxindeMacBook-Pro learngit % git status
On branch main
Your branch is up to date with 'origin/main'.

Changes not staged for commit:
  (use "git add/rm <file>..." to update what will be committed)
  (use "git restore <file>..." to discard changes in working directory)
	deleted:    "\347\273\210\347\253\257\345\255\230\345\202\250\347\232\204\350\276\223\345\207\272.txt"

no changes added to commit (use "git add" and/or "git commit -a")
(base) kongxinyi@kongxiaoxindeMacBook-Pro learngit % 
